
==========================================================================
cts final report_tns
--------------------------------------------------------------------------
tns 0.00

==========================================================================
cts final report_wns
--------------------------------------------------------------------------
wns 0.00

==========================================================================
cts final report_worst_slack
--------------------------------------------------------------------------
worst slack 0.62

==========================================================================
cts final report_clock_skew
--------------------------------------------------------------------------
Clock core_clock
   0.43 source latency b_sign_stage1$_DFF_PN0_/CLK ^
  -0.45 target latency result_sign_stage2$_DFF_PN0_/CLK ^
   0.00 CRPR
--------------
  -0.02 setup skew


==========================================================================
cts final report_checks -path_delay min
--------------------------------------------------------------------------
Startpoint: rst_n (input port clocked by core_clock)
Endpoint: result_sign_stage2$_DFF_PN0_
          (removal check against rising-edge clock core_clock)
Path Group: asynchronous
Path Type: min

Fanout     Cap    Slew   Delay    Time   Description
-----------------------------------------------------------------------------
                          0.00    0.00   clock core_clock (rise edge)
                          0.00    0.00   clock network delay (propagated)
                          0.20    0.20 ^ input external delay
     1    0.01    0.00    0.00    0.20 ^ rst_n (in)
                                         rst_n (net)
                  0.00    0.00    0.20 ^ input65/A (sky130_fd_sc_hd__buf_12)
    32    0.18    0.20    0.20    0.40 ^ input65/X (sky130_fd_sc_hd__buf_12)
                                         net66 (net)
                  0.20    0.00    0.40 ^ hold1/A (sky130_fd_sc_hd__buf_16)
   138    0.68    0.69    0.57    0.97 ^ hold1/X (sky130_fd_sc_hd__buf_16)
                                         net1 (net)
                  0.69    0.00    0.97 ^ result_sign_stage2$_DFF_PN0_/RESET_B (sky130_fd_sc_hd__dfrtp_1)
                                  0.97   data arrival time

                          0.00    0.00   clock core_clock (rise edge)
                          0.00    0.00   clock source latency
     1    0.04    0.00    0.00    0.00 ^ clk (in)
                                         clk (net)
                  0.00    0.00    0.00 ^ clkbuf_0_clk/A (sky130_fd_sc_hd__clkbuf_16)
    16    0.19    0.20    0.23    0.23 ^ clkbuf_0_clk/X (sky130_fd_sc_hd__clkbuf_16)
                                         clknet_0_clk (net)
                  0.20    0.00    0.23 ^ clkbuf_4_1_0_clk/A (sky130_fd_sc_hd__clkbuf_16)
    17    0.06    0.08    0.21    0.44 ^ clkbuf_4_1_0_clk/X (sky130_fd_sc_hd__clkbuf_16)
                                         clknet_4_1_0_clk (net)
                  0.08    0.00    0.45 ^ result_sign_stage2$_DFF_PN0_/CLK (sky130_fd_sc_hd__dfrtp_1)
                          0.00    0.45   clock reconvergence pessimism
                          0.51    0.95   library removal time
                                  0.95   data required time
-----------------------------------------------------------------------------
                                  0.95   data required time
                                 -0.97   data arrival time
-----------------------------------------------------------------------------
                                  0.02   slack (MET)


Startpoint: a[31] (input port clocked by core_clock)
Endpoint: a_sign_stage1$_DFF_PN0_
          (rising edge-triggered flip-flop clocked by core_clock)
Path Group: core_clock
Path Type: min

Fanout     Cap    Slew   Delay    Time   Description
-----------------------------------------------------------------------------
                          0.00    0.00   clock core_clock (rise edge)
                          0.00    0.00   clock network delay (propagated)
                          0.20    0.20 v input external delay
     1    0.00    0.00    0.00    0.20 v a[31] (in)
                                         a[31] (net)
                  0.00    0.00    0.20 v input25/A (sky130_fd_sc_hd__dlymetal6s2s_1)
     3    0.02    0.10    0.17    0.37 v input25/X (sky130_fd_sc_hd__dlymetal6s2s_1)
                                         net26 (net)
                  0.10    0.00    0.37 v a_sign_stage1$_DFF_PN0_/D (sky130_fd_sc_hd__dfrtp_4)
                                  0.37   data arrival time

                          0.00    0.00   clock core_clock (rise edge)
                          0.00    0.00   clock source latency
     1    0.04    0.00    0.00    0.00 ^ clk (in)
                                         clk (net)
                  0.00    0.00    0.00 ^ clkbuf_0_clk/A (sky130_fd_sc_hd__clkbuf_16)
    16    0.19    0.20    0.23    0.23 ^ clkbuf_0_clk/X (sky130_fd_sc_hd__clkbuf_16)
                                         clknet_0_clk (net)
                  0.20    0.00    0.23 ^ clkbuf_4_6_0_clk/A (sky130_fd_sc_hd__clkbuf_16)
     6    0.05    0.07    0.20    0.43 ^ clkbuf_4_6_0_clk/X (sky130_fd_sc_hd__clkbuf_16)
                                         clknet_4_6_0_clk (net)
                  0.07    0.00    0.43 ^ a_sign_stage1$_DFF_PN0_/CLK (sky130_fd_sc_hd__dfrtp_4)
                          0.00    0.43   clock reconvergence pessimism
                         -0.06    0.37   library hold time
                                  0.37   data required time
-----------------------------------------------------------------------------
                                  0.37   data required time
                                 -0.37   data arrival time
-----------------------------------------------------------------------------
                                  0.00   slack (MET)



==========================================================================
cts final report_checks -path_delay max
--------------------------------------------------------------------------
Startpoint: rst_n (input port clocked by core_clock)
Endpoint: add_result[18]$_DFF_PN0_
          (recovery check against rising-edge clock core_clock)
Path Group: asynchronous
Path Type: max

Fanout     Cap    Slew   Delay    Time   Description
-----------------------------------------------------------------------------
                          0.00    0.00   clock core_clock (rise edge)
                          0.00    0.00   clock network delay (propagated)
                          0.20    0.20 ^ input external delay
     1    0.01    0.00    0.00    0.20 ^ rst_n (in)
                                         rst_n (net)
                  0.00    0.00    0.20 ^ input65/A (sky130_fd_sc_hd__buf_12)
    32    0.18    0.20    0.20    0.40 ^ input65/X (sky130_fd_sc_hd__buf_12)
                                         net66 (net)
                  0.20    0.00    0.40 ^ hold1/A (sky130_fd_sc_hd__buf_16)
   138    0.68    0.69    0.57    0.97 ^ hold1/X (sky130_fd_sc_hd__buf_16)
                                         net1 (net)
                  0.70    0.04    1.01 ^ add_result[18]$_DFF_PN0_/RESET_B (sky130_fd_sc_hd__dfrtp_4)
                                  1.01   data arrival time

                          5.00    5.00   clock core_clock (rise edge)
                          0.00    5.00   clock source latency
     1    0.04    0.00    0.00    5.00 ^ clk (in)
                                         clk (net)
                  0.00    0.00    5.00 ^ clkbuf_0_clk/A (sky130_fd_sc_hd__clkbuf_16)
    16    0.19    0.20    0.23    5.23 ^ clkbuf_0_clk/X (sky130_fd_sc_hd__clkbuf_16)
                                         clknet_0_clk (net)
                  0.20    0.00    5.23 ^ clkbuf_4_9_0_clk/A (sky130_fd_sc_hd__clkbuf_16)
     7    0.05    0.07    0.20    5.43 ^ clkbuf_4_9_0_clk/X (sky130_fd_sc_hd__clkbuf_16)
                                         clknet_4_9_0_clk (net)
                  0.07    0.00    5.43 ^ add_result[18]$_DFF_PN0_/CLK (sky130_fd_sc_hd__dfrtp_4)
                          0.00    5.43   clock reconvergence pessimism
                         -0.01    5.42   library recovery time
                                  5.42   data required time
-----------------------------------------------------------------------------
                                  5.42   data required time
                                 -1.01   data arrival time
-----------------------------------------------------------------------------
                                  4.41   slack (MET)


Startpoint: result_exp_stage2[0]$_DFF_PN0_
            (rising edge-triggered flip-flop clocked by core_clock)
Endpoint: final_mant[12]$_DFFE_PP_
          (rising edge-triggered flip-flop clocked by core_clock)
Path Group: core_clock
Path Type: max

Fanout     Cap    Slew   Delay    Time   Description
-----------------------------------------------------------------------------
                          0.00    0.00   clock core_clock (rise edge)
                          0.00    0.00   clock source latency
     1    0.04    0.00    0.00    0.00 ^ clk (in)
                                         clk (net)
                  0.00    0.00    0.00 ^ clkbuf_0_clk/A (sky130_fd_sc_hd__clkbuf_16)
    16    0.19    0.20    0.23    0.23 ^ clkbuf_0_clk/X (sky130_fd_sc_hd__clkbuf_16)
                                         clknet_0_clk (net)
                  0.20    0.00    0.23 ^ clkbuf_4_3_0_clk/A (sky130_fd_sc_hd__clkbuf_16)
     9    0.04    0.06    0.19    0.43 ^ clkbuf_4_3_0_clk/X (sky130_fd_sc_hd__clkbuf_16)
                                         clknet_4_3_0_clk (net)
                  0.06    0.00    0.43 ^ result_exp_stage2[0]$_DFF_PN0_/CLK (sky130_fd_sc_hd__dfrtp_4)
     6    0.03    0.09    0.52    0.95 v result_exp_stage2[0]$_DFF_PN0_/Q (sky130_fd_sc_hd__dfrtp_4)
                                         result_exp_stage2[0] (net)
                  0.09    0.00    0.95 v _2384_/A (sky130_fd_sc_hd__clkbuf_4)
    10    0.04    0.09    0.21    1.17 v _2384_/X (sky130_fd_sc_hd__clkbuf_4)
                                         _0319_ (net)
                  0.09    0.00    1.17 v _2385_/A (sky130_fd_sc_hd__inv_1)
     4    0.02    0.18    0.17    1.34 ^ _2385_/Y (sky130_fd_sc_hd__inv_1)
                                         _1707_ (net)
                  0.18    0.00    1.34 ^ _3636_/A (sky130_fd_sc_hd__ha_2)
     4    0.04    0.21    0.33    1.67 ^ _3636_/COUT (sky130_fd_sc_hd__ha_2)
                                         _1714_ (net)
                  0.21    0.00    1.67 ^ _2460_/D_N (sky130_fd_sc_hd__or4b_2)
     4    0.02    0.16    0.71    2.38 v _2460_/X (sky130_fd_sc_hd__or4b_2)
                                         _0383_ (net)
                  0.16    0.00    2.38 v _2474_/A (sky130_fd_sc_hd__or3b_1)
     1    0.00    0.07    0.40    2.78 v _2474_/X (sky130_fd_sc_hd__or3b_1)
                                         _0397_ (net)
                  0.07    0.00    2.78 v _2475_/A2 (sky130_fd_sc_hd__a21oi_1)
     2    0.01    0.15    0.18    2.96 ^ _2475_/Y (sky130_fd_sc_hd__a21oi_1)
                                         _0398_ (net)
                  0.15    0.00    2.96 ^ _2530_/B1_N (sky130_fd_sc_hd__o21ba_2)
     8    0.03    0.10    0.25    3.21 v _2530_/X (sky130_fd_sc_hd__o21ba_2)
                                         _0448_ (net)
                  0.10    0.00    3.21 v _2686_/A (sky130_fd_sc_hd__or3_1)
     2    0.01    0.10    0.42    3.64 v _2686_/X (sky130_fd_sc_hd__or3_1)
                                         _0595_ (net)
                  0.10    0.00    3.64 v _2687_/A1 (sky130_fd_sc_hd__mux2i_1)
     2    0.01    0.21    0.22    3.86 ^ _2687_/Y (sky130_fd_sc_hd__mux2i_1)
                                         _0596_ (net)
                  0.21    0.00    3.86 ^ _2689_/A2 (sky130_fd_sc_hd__a21oi_1)
     1    0.00    0.06    0.10    3.96 v _2689_/Y (sky130_fd_sc_hd__a21oi_1)
                                         _0598_ (net)
                  0.06    0.00    3.96 v _2690_/A2_N (sky130_fd_sc_hd__a2bb2oi_1)
     1    0.00    0.06    0.13    4.09 v _2690_/Y (sky130_fd_sc_hd__a2bb2oi_1)
                                         _0599_ (net)
                  0.06    0.00    4.09 v _2696_/A2 (sky130_fd_sc_hd__a211oi_1)
     1    0.01    0.30    0.33    4.41 ^ _2696_/Y (sky130_fd_sc_hd__a211oi_1)
                                         _0605_ (net)
                  0.30    0.00    4.41 ^ _2697_/B1 (sky130_fd_sc_hd__a21oi_1)
     1    0.00    0.08    0.07    4.48 v _2697_/Y (sky130_fd_sc_hd__a21oi_1)
                                         _0606_ (net)
                  0.08    0.00    4.48 v _2699_/A2 (sky130_fd_sc_hd__o21ai_0)
     1    0.00    0.16    0.17    4.65 ^ _2699_/Y (sky130_fd_sc_hd__o21ai_0)
                                         _0088_ (net)
                  0.16    0.00    4.65 ^ final_mant[12]$_DFFE_PP_/D (sky130_fd_sc_hd__edfxtp_1)
                                  4.65   data arrival time

                          5.00    5.00   clock core_clock (rise edge)
                          0.00    5.00   clock source latency
     1    0.04    0.00    0.00    5.00 ^ clk (in)
                                         clk (net)
                  0.00    0.00    5.00 ^ clkbuf_0_clk/A (sky130_fd_sc_hd__clkbuf_16)
    16    0.19    0.20    0.23    5.23 ^ clkbuf_0_clk/X (sky130_fd_sc_hd__clkbuf_16)
                                         clknet_0_clk (net)
                  0.20    0.00    5.23 ^ clkbuf_4_13_0_clk/A (sky130_fd_sc_hd__clkbuf_16)
    15    0.05    0.07    0.20    5.43 ^ clkbuf_4_13_0_clk/X (sky130_fd_sc_hd__clkbuf_16)
                                         clknet_4_13_0_clk (net)
                  0.07    0.00    5.43 ^ final_mant[12]$_DFFE_PP_/CLK (sky130_fd_sc_hd__edfxtp_1)
                          0.00    5.43   clock reconvergence pessimism
                         -0.16    5.27   library setup time
                                  5.27   data required time
-----------------------------------------------------------------------------
                                  5.27   data required time
                                 -4.65   data arrival time
-----------------------------------------------------------------------------
                                  0.62   slack (MET)



==========================================================================
cts final report_checks -unconstrained
--------------------------------------------------------------------------
Startpoint: rst_n (input port clocked by core_clock)
Endpoint: add_result[18]$_DFF_PN0_
          (recovery check against rising-edge clock core_clock)
Path Group: asynchronous
Path Type: max

Fanout     Cap    Slew   Delay    Time   Description
-----------------------------------------------------------------------------
                          0.00    0.00   clock core_clock (rise edge)
                          0.00    0.00   clock network delay (propagated)
                          0.20    0.20 ^ input external delay
     1    0.01    0.00    0.00    0.20 ^ rst_n (in)
                                         rst_n (net)
                  0.00    0.00    0.20 ^ input65/A (sky130_fd_sc_hd__buf_12)
    32    0.18    0.20    0.20    0.40 ^ input65/X (sky130_fd_sc_hd__buf_12)
                                         net66 (net)
                  0.20    0.00    0.40 ^ hold1/A (sky130_fd_sc_hd__buf_16)
   138    0.68    0.69    0.57    0.97 ^ hold1/X (sky130_fd_sc_hd__buf_16)
                                         net1 (net)
                  0.70    0.04    1.01 ^ add_result[18]$_DFF_PN0_/RESET_B (sky130_fd_sc_hd__dfrtp_4)
                                  1.01   data arrival time

                          5.00    5.00   clock core_clock (rise edge)
                          0.00    5.00   clock source latency
     1    0.04    0.00    0.00    5.00 ^ clk (in)
                                         clk (net)
                  0.00    0.00    5.00 ^ clkbuf_0_clk/A (sky130_fd_sc_hd__clkbuf_16)
    16    0.19    0.20    0.23    5.23 ^ clkbuf_0_clk/X (sky130_fd_sc_hd__clkbuf_16)
                                         clknet_0_clk (net)
                  0.20    0.00    5.23 ^ clkbuf_4_9_0_clk/A (sky130_fd_sc_hd__clkbuf_16)
     7    0.05    0.07    0.20    5.43 ^ clkbuf_4_9_0_clk/X (sky130_fd_sc_hd__clkbuf_16)
                                         clknet_4_9_0_clk (net)
                  0.07    0.00    5.43 ^ add_result[18]$_DFF_PN0_/CLK (sky130_fd_sc_hd__dfrtp_4)
                          0.00    5.43   clock reconvergence pessimism
                         -0.01    5.42   library recovery time
                                  5.42   data required time
-----------------------------------------------------------------------------
                                  5.42   data required time
                                 -1.01   data arrival time
-----------------------------------------------------------------------------
                                  4.41   slack (MET)


Startpoint: result_exp_stage2[0]$_DFF_PN0_
            (rising edge-triggered flip-flop clocked by core_clock)
Endpoint: final_mant[12]$_DFFE_PP_
          (rising edge-triggered flip-flop clocked by core_clock)
Path Group: core_clock
Path Type: max

Fanout     Cap    Slew   Delay    Time   Description
-----------------------------------------------------------------------------
                          0.00    0.00   clock core_clock (rise edge)
                          0.00    0.00   clock source latency
     1    0.04    0.00    0.00    0.00 ^ clk (in)
                                         clk (net)
                  0.00    0.00    0.00 ^ clkbuf_0_clk/A (sky130_fd_sc_hd__clkbuf_16)
    16    0.19    0.20    0.23    0.23 ^ clkbuf_0_clk/X (sky130_fd_sc_hd__clkbuf_16)
                                         clknet_0_clk (net)
                  0.20    0.00    0.23 ^ clkbuf_4_3_0_clk/A (sky130_fd_sc_hd__clkbuf_16)
     9    0.04    0.06    0.19    0.43 ^ clkbuf_4_3_0_clk/X (sky130_fd_sc_hd__clkbuf_16)
                                         clknet_4_3_0_clk (net)
                  0.06    0.00    0.43 ^ result_exp_stage2[0]$_DFF_PN0_/CLK (sky130_fd_sc_hd__dfrtp_4)
     6    0.03    0.09    0.52    0.95 v result_exp_stage2[0]$_DFF_PN0_/Q (sky130_fd_sc_hd__dfrtp_4)
                                         result_exp_stage2[0] (net)
                  0.09    0.00    0.95 v _2384_/A (sky130_fd_sc_hd__clkbuf_4)
    10    0.04    0.09    0.21    1.17 v _2384_/X (sky130_fd_sc_hd__clkbuf_4)
                                         _0319_ (net)
                  0.09    0.00    1.17 v _2385_/A (sky130_fd_sc_hd__inv_1)
     4    0.02    0.18    0.17    1.34 ^ _2385_/Y (sky130_fd_sc_hd__inv_1)
                                         _1707_ (net)
                  0.18    0.00    1.34 ^ _3636_/A (sky130_fd_sc_hd__ha_2)
     4    0.04    0.21    0.33    1.67 ^ _3636_/COUT (sky130_fd_sc_hd__ha_2)
                                         _1714_ (net)
                  0.21    0.00    1.67 ^ _2460_/D_N (sky130_fd_sc_hd__or4b_2)
     4    0.02    0.16    0.71    2.38 v _2460_/X (sky130_fd_sc_hd__or4b_2)
                                         _0383_ (net)
                  0.16    0.00    2.38 v _2474_/A (sky130_fd_sc_hd__or3b_1)
     1    0.00    0.07    0.40    2.78 v _2474_/X (sky130_fd_sc_hd__or3b_1)
                                         _0397_ (net)
                  0.07    0.00    2.78 v _2475_/A2 (sky130_fd_sc_hd__a21oi_1)
     2    0.01    0.15    0.18    2.96 ^ _2475_/Y (sky130_fd_sc_hd__a21oi_1)
                                         _0398_ (net)
                  0.15    0.00    2.96 ^ _2530_/B1_N (sky130_fd_sc_hd__o21ba_2)
     8    0.03    0.10    0.25    3.21 v _2530_/X (sky130_fd_sc_hd__o21ba_2)
                                         _0448_ (net)
                  0.10    0.00    3.21 v _2686_/A (sky130_fd_sc_hd__or3_1)
     2    0.01    0.10    0.42    3.64 v _2686_/X (sky130_fd_sc_hd__or3_1)
                                         _0595_ (net)
                  0.10    0.00    3.64 v _2687_/A1 (sky130_fd_sc_hd__mux2i_1)
     2    0.01    0.21    0.22    3.86 ^ _2687_/Y (sky130_fd_sc_hd__mux2i_1)
                                         _0596_ (net)
                  0.21    0.00    3.86 ^ _2689_/A2 (sky130_fd_sc_hd__a21oi_1)
     1    0.00    0.06    0.10    3.96 v _2689_/Y (sky130_fd_sc_hd__a21oi_1)
                                         _0598_ (net)
                  0.06    0.00    3.96 v _2690_/A2_N (sky130_fd_sc_hd__a2bb2oi_1)
     1    0.00    0.06    0.13    4.09 v _2690_/Y (sky130_fd_sc_hd__a2bb2oi_1)
                                         _0599_ (net)
                  0.06    0.00    4.09 v _2696_/A2 (sky130_fd_sc_hd__a211oi_1)
     1    0.01    0.30    0.33    4.41 ^ _2696_/Y (sky130_fd_sc_hd__a211oi_1)
                                         _0605_ (net)
                  0.30    0.00    4.41 ^ _2697_/B1 (sky130_fd_sc_hd__a21oi_1)
     1    0.00    0.08    0.07    4.48 v _2697_/Y (sky130_fd_sc_hd__a21oi_1)
                                         _0606_ (net)
                  0.08    0.00    4.48 v _2699_/A2 (sky130_fd_sc_hd__o21ai_0)
     1    0.00    0.16    0.17    4.65 ^ _2699_/Y (sky130_fd_sc_hd__o21ai_0)
                                         _0088_ (net)
                  0.16    0.00    4.65 ^ final_mant[12]$_DFFE_PP_/D (sky130_fd_sc_hd__edfxtp_1)
                                  4.65   data arrival time

                          5.00    5.00   clock core_clock (rise edge)
                          0.00    5.00   clock source latency
     1    0.04    0.00    0.00    5.00 ^ clk (in)
                                         clk (net)
                  0.00    0.00    5.00 ^ clkbuf_0_clk/A (sky130_fd_sc_hd__clkbuf_16)
    16    0.19    0.20    0.23    5.23 ^ clkbuf_0_clk/X (sky130_fd_sc_hd__clkbuf_16)
                                         clknet_0_clk (net)
                  0.20    0.00    5.23 ^ clkbuf_4_13_0_clk/A (sky130_fd_sc_hd__clkbuf_16)
    15    0.05    0.07    0.20    5.43 ^ clkbuf_4_13_0_clk/X (sky130_fd_sc_hd__clkbuf_16)
                                         clknet_4_13_0_clk (net)
                  0.07    0.00    5.43 ^ final_mant[12]$_DFFE_PP_/CLK (sky130_fd_sc_hd__edfxtp_1)
                          0.00    5.43   clock reconvergence pessimism
                         -0.16    5.27   library setup time
                                  5.27   data required time
-----------------------------------------------------------------------------
                                  5.27   data required time
                                 -4.65   data arrival time
-----------------------------------------------------------------------------
                                  0.62   slack (MET)



==========================================================================
cts final report_check_types -max_slew -max_cap -max_fanout -violators
--------------------------------------------------------------------------

==========================================================================
cts final max_slew_check_slack
--------------------------------------------------------------------------
0.7993354797363281

==========================================================================
cts final max_slew_check_limit
--------------------------------------------------------------------------
1.5

==========================================================================
cts final max_slew_check_slack_limit
--------------------------------------------------------------------------
0.5329

==========================================================================
cts final max_fanout_check_slack
--------------------------------------------------------------------------
1.0000000150474662e+30

==========================================================================
cts final max_fanout_check_limit
--------------------------------------------------------------------------
1.0000000150474662e+30

==========================================================================
cts final max_capacitance_check_slack
--------------------------------------------------------------------------
0.01750093325972557

==========================================================================
cts final max_capacitance_check_limit
--------------------------------------------------------------------------
0.021067000925540924

==========================================================================
cts final max_capacitance_check_slack_limit
--------------------------------------------------------------------------
0.8307

==========================================================================
cts final max_slew_violation_count
--------------------------------------------------------------------------
max slew violation count 0

==========================================================================
cts final max_fanout_violation_count
--------------------------------------------------------------------------
max fanout violation count 0

==========================================================================
cts final max_cap_violation_count
--------------------------------------------------------------------------
max cap violation count 0

==========================================================================
cts final setup_violation_count
--------------------------------------------------------------------------
setup violation count 0

==========================================================================
cts final hold_violation_count
--------------------------------------------------------------------------
hold violation count 0

==========================================================================
cts final report_checks -path_delay max reg to reg
--------------------------------------------------------------------------
Startpoint: result_exp_stage2[0]$_DFF_PN0_
            (rising edge-triggered flip-flop clocked by core_clock)
Endpoint: final_mant[12]$_DFFE_PP_
          (rising edge-triggered flip-flop clocked by core_clock)
Path Group: core_clock
Path Type: max

  Delay    Time   Description
---------------------------------------------------------
   0.00    0.00   clock core_clock (rise edge)
   0.00    0.00   clock source latency
   0.00    0.00 ^ clk (in)
   0.23    0.23 ^ clkbuf_0_clk/X (sky130_fd_sc_hd__clkbuf_16)
   0.19    0.43 ^ clkbuf_4_3_0_clk/X (sky130_fd_sc_hd__clkbuf_16)
   0.00    0.43 ^ result_exp_stage2[0]$_DFF_PN0_/CLK (sky130_fd_sc_hd__dfrtp_4)
   0.52    0.95 v result_exp_stage2[0]$_DFF_PN0_/Q (sky130_fd_sc_hd__dfrtp_4)
   0.21    1.17 v _2384_/X (sky130_fd_sc_hd__clkbuf_4)
   0.17    1.34 ^ _2385_/Y (sky130_fd_sc_hd__inv_1)
   0.33    1.67 ^ _3636_/COUT (sky130_fd_sc_hd__ha_2)
   0.71    2.38 v _2460_/X (sky130_fd_sc_hd__or4b_2)
   0.40    2.78 v _2474_/X (sky130_fd_sc_hd__or3b_1)
   0.18    2.96 ^ _2475_/Y (sky130_fd_sc_hd__a21oi_1)
   0.25    3.21 v _2530_/X (sky130_fd_sc_hd__o21ba_2)
   0.43    3.64 v _2686_/X (sky130_fd_sc_hd__or3_1)
   0.22    3.86 ^ _2687_/Y (sky130_fd_sc_hd__mux2i_1)
   0.10    3.96 v _2689_/Y (sky130_fd_sc_hd__a21oi_1)
   0.13    4.09 v _2690_/Y (sky130_fd_sc_hd__a2bb2oi_1)
   0.33    4.41 ^ _2696_/Y (sky130_fd_sc_hd__a211oi_1)
   0.07    4.48 v _2697_/Y (sky130_fd_sc_hd__a21oi_1)
   0.17    4.65 ^ _2699_/Y (sky130_fd_sc_hd__o21ai_0)
   0.00    4.65 ^ final_mant[12]$_DFFE_PP_/D (sky130_fd_sc_hd__edfxtp_1)
           4.65   data arrival time

   5.00    5.00   clock core_clock (rise edge)
   0.00    5.00   clock source latency
   0.00    5.00 ^ clk (in)
   0.23    5.23 ^ clkbuf_0_clk/X (sky130_fd_sc_hd__clkbuf_16)
   0.20    5.43 ^ clkbuf_4_13_0_clk/X (sky130_fd_sc_hd__clkbuf_16)
   0.00    5.43 ^ final_mant[12]$_DFFE_PP_/CLK (sky130_fd_sc_hd__edfxtp_1)
   0.00    5.43   clock reconvergence pessimism
  -0.16    5.27   library setup time
           5.27   data required time
---------------------------------------------------------
           5.27   data required time
          -4.65   data arrival time
---------------------------------------------------------
           0.62   slack (MET)



==========================================================================
cts final report_checks -path_delay min reg to reg
--------------------------------------------------------------------------
Startpoint: final_mant[0]$_DFFE_PP_
            (rising edge-triggered flip-flop clocked by core_clock)
Endpoint: result[0]$_DFF_PN0_
          (rising edge-triggered flip-flop clocked by core_clock)
Path Group: core_clock
Path Type: min

  Delay    Time   Description
---------------------------------------------------------
   0.00    0.00   clock core_clock (rise edge)
   0.00    0.00   clock source latency
   0.00    0.00 ^ clk (in)
   0.23    0.23 ^ clkbuf_0_clk/X (sky130_fd_sc_hd__clkbuf_16)
   0.20    0.43 ^ clkbuf_4_7_0_clk/X (sky130_fd_sc_hd__clkbuf_16)
   0.00    0.43 ^ final_mant[0]$_DFFE_PP_/CLK (sky130_fd_sc_hd__edfxtp_1)
   0.32    0.75 ^ final_mant[0]$_DFFE_PP_/Q (sky130_fd_sc_hd__edfxtp_1)
   0.00    0.75 ^ result[0]$_DFF_PN0_/D (sky130_fd_sc_hd__dfrtp_1)
           0.75   data arrival time

   0.00    0.00   clock core_clock (rise edge)
   0.00    0.00   clock source latency
   0.00    0.00 ^ clk (in)
   0.23    0.23 ^ clkbuf_0_clk/X (sky130_fd_sc_hd__clkbuf_16)
   0.21    0.44 ^ clkbuf_4_5_0_clk/X (sky130_fd_sc_hd__clkbuf_16)
   0.00    0.44 ^ result[0]$_DFF_PN0_/CLK (sky130_fd_sc_hd__dfrtp_1)
   0.00    0.44   clock reconvergence pessimism
  -0.03    0.41   library hold time
           0.41   data required time
---------------------------------------------------------
           0.41   data required time
          -0.75   data arrival time
---------------------------------------------------------
           0.34   slack (MET)



==========================================================================
cts final critical path target clock latency max path
--------------------------------------------------------------------------
0.4287

==========================================================================
cts final critical path target clock latency min path
--------------------------------------------------------------------------
0.4450

==========================================================================
cts final critical path source clock latency min path
--------------------------------------------------------------------------
0.0000

==========================================================================
cts final critical path delay
--------------------------------------------------------------------------
4.6538

==========================================================================
cts final critical path slack
--------------------------------------------------------------------------
0.6166

==========================================================================
cts final slack div critical path delay
--------------------------------------------------------------------------
13.249388

==========================================================================
cts final report_power
--------------------------------------------------------------------------
Group                  Internal  Switching    Leakage      Total
                          Power      Power      Power      Power (Watts)
----------------------------------------------------------------
Sequential             1.75e-03   1.86e-04   2.00e-09   1.94e-03  27.4%
Combinational          1.47e-03   2.32e-03   6.27e-09   3.80e-03  53.6%
Clock                  7.18e-04   6.27e-04   2.83e-10   1.34e-03  19.0%
Macro                  0.00e+00   0.00e+00   0.00e+00   0.00e+00   0.0%
Pad                    0.00e+00   0.00e+00   0.00e+00   0.00e+00   0.0%
----------------------------------------------------------------
Total                  3.94e-03   3.14e-03   8.56e-09   7.08e-03 100.0%
                          55.7%      44.3%       0.0%
