
==========================================================================
global route report_tns
--------------------------------------------------------------------------
tns 0.00

==========================================================================
global route report_wns
--------------------------------------------------------------------------
wns 0.00

==========================================================================
global route report_worst_slack
--------------------------------------------------------------------------
worst slack 2.60

==========================================================================
global route report_clock_skew
--------------------------------------------------------------------------
Clock core_clock
   0.29 source latency bit_counter[3]$_DFFE_PN0P_/CLK ^
  -0.29 target latency miso_capture[3]$_DFFE_PN0P_/CLK ^
   0.00 CRPR
--------------
  -0.01 setup skew


==========================================================================
global route report_checks -path_delay min
--------------------------------------------------------------------------
Startpoint: rst_n (input port clocked by core_clock)
Endpoint: spi_cs_n$_DFFE_PN1P_
          (removal check against rising-edge clock core_clock)
Path Group: asynchronous
Path Type: min

Fanout     Cap    Slew   Delay    Time   Description
-----------------------------------------------------------------------------
                          0.00    0.00   clock core_clock (rise edge)
                          0.00    0.00   clock network delay (propagated)
                          0.20    0.20 ^ input external delay
     1    0.00    0.00    0.00    0.20 ^ rst_n (in)
                                         rst_n (net)
                  0.00    0.00    0.20 ^ hold2/A (sky130_fd_sc_hd__dlygate4sd3_1)
     1    0.00    0.05    0.52    0.72 ^ hold2/X (sky130_fd_sc_hd__dlygate4sd3_1)
                                         net26 (net)
                  0.05    0.00    0.72 ^ input1/A (sky130_fd_sc_hd__dlymetal6s2s_1)
     3    0.02    0.22    0.22    0.94 ^ input1/X (sky130_fd_sc_hd__dlymetal6s2s_1)
                                         net2 (net)
                  0.22    0.00    0.94 ^ spi_cs_n$_DFFE_PN1P_/SET_B (sky130_fd_sc_hd__dfstp_1)
                                  0.94   data arrival time

                          0.00    0.00   clock core_clock (rise edge)
                          0.00    0.00   clock source latency
     1    0.02    0.00    0.00    0.00 ^ clk (in)
                                         clk (net)
                  0.00    0.00    0.00 ^ clkbuf_0_clk/A (sky130_fd_sc_hd__clkbuf_8)
     4    0.03    0.07    0.13    0.13 ^ clkbuf_0_clk/X (sky130_fd_sc_hd__clkbuf_8)
                                         clknet_0_clk (net)
                  0.07    0.00    0.13 ^ clkbuf_2_0__f_clk/A (sky130_fd_sc_hd__clkbuf_8)
    10    0.04    0.08    0.16    0.29 ^ clkbuf_2_0__f_clk/X (sky130_fd_sc_hd__clkbuf_8)
                                         clknet_2_0__leaf_clk (net)
                  0.08    0.00    0.29 ^ spi_cs_n$_DFFE_PN1P_/CLK (sky130_fd_sc_hd__dfstp_1)
                          0.00    0.29   clock reconvergence pessimism
                          0.15    0.44   library removal time
                                  0.44   data required time
-----------------------------------------------------------------------------
                                  0.44   data required time
                                 -0.94   data arrival time
-----------------------------------------------------------------------------
                                  0.50   slack (MET)


Startpoint: tx_valid (input port clocked by core_clock)
Endpoint: spi_cs_n$_DFFE_PN1P_
          (rising edge-triggered flip-flop clocked by core_clock)
Path Group: core_clock
Path Type: min

Fanout     Cap    Slew   Delay    Time   Description
-----------------------------------------------------------------------------
                          0.00    0.00   clock core_clock (rise edge)
                          0.00    0.00   clock network delay (propagated)
                          0.20    0.20 ^ input external delay
     1    0.01    0.00    0.00    0.20 ^ tx_valid (in)
                                         tx_valid (net)
                  0.00    0.00    0.20 ^ input11/A (sky130_fd_sc_hd__clkbuf_1)
     4    0.02    0.18    0.16    0.36 ^ input11/X (sky130_fd_sc_hd__clkbuf_1)
                                         net12 (net)
                  0.18    0.00    0.36 ^ _231_/A1 (sky130_fd_sc_hd__a21oi_1)
     1    0.01    0.04    0.11    0.47 v _231_/Y (sky130_fd_sc_hd__a21oi_1)
                                         _022_ (net)
                  0.04    0.00    0.47 v spi_cs_n$_DFFE_PN1P_/D (sky130_fd_sc_hd__dfstp_1)
                                  0.47   data arrival time

                          0.00    0.00   clock core_clock (rise edge)
                          0.00    0.00   clock source latency
     1    0.02    0.00    0.00    0.00 ^ clk (in)
                                         clk (net)
                  0.00    0.00    0.00 ^ clkbuf_0_clk/A (sky130_fd_sc_hd__clkbuf_8)
     4    0.03    0.07    0.13    0.13 ^ clkbuf_0_clk/X (sky130_fd_sc_hd__clkbuf_8)
                                         clknet_0_clk (net)
                  0.07    0.00    0.13 ^ clkbuf_2_0__f_clk/A (sky130_fd_sc_hd__clkbuf_8)
    10    0.04    0.08    0.16    0.29 ^ clkbuf_2_0__f_clk/X (sky130_fd_sc_hd__clkbuf_8)
                                         clknet_2_0__leaf_clk (net)
                  0.08    0.00    0.29 ^ spi_cs_n$_DFFE_PN1P_/CLK (sky130_fd_sc_hd__dfstp_1)
                          0.00    0.29   clock reconvergence pessimism
                         -0.01    0.29   library hold time
                                  0.29   data required time
-----------------------------------------------------------------------------
                                  0.29   data required time
                                 -0.47   data arrival time
-----------------------------------------------------------------------------
                                  0.18   slack (MET)



==========================================================================
global route report_checks -path_delay max
--------------------------------------------------------------------------
Startpoint: rst_n (input port clocked by core_clock)
Endpoint: spi_clk$_DFFE_PN0P_
          (recovery check against rising-edge clock core_clock)
Path Group: asynchronous
Path Type: max

Fanout     Cap    Slew   Delay    Time   Description
-----------------------------------------------------------------------------
                          0.00    0.00   clock core_clock (rise edge)
                          0.00    0.00   clock network delay (propagated)
                          0.20    0.20 ^ input external delay
     1    0.00    0.00    0.00    0.20 ^ rst_n (in)
                                         rst_n (net)
                  0.00    0.00    0.20 ^ hold2/A (sky130_fd_sc_hd__dlygate4sd3_1)
     1    0.00    0.05    0.52    0.72 ^ hold2/X (sky130_fd_sc_hd__dlygate4sd3_1)
                                         net26 (net)
                  0.05    0.00    0.72 ^ input1/A (sky130_fd_sc_hd__dlymetal6s2s_1)
     3    0.02    0.22    0.22    0.94 ^ input1/X (sky130_fd_sc_hd__dlymetal6s2s_1)
                                         net2 (net)
                  0.22    0.00    0.94 ^ hold1/A (sky130_fd_sc_hd__buf_12)
    32    0.17    0.20    0.26    1.20 ^ hold1/X (sky130_fd_sc_hd__buf_12)
                                         net1 (net)
                  0.20    0.00    1.20 ^ spi_clk$_DFFE_PN0P_/RESET_B (sky130_fd_sc_hd__dfrtp_4)
                                  1.20   data arrival time

                          5.00    5.00   clock core_clock (rise edge)
                          0.00    5.00   clock source latency
     1    0.02    0.00    0.00    5.00 ^ clk (in)
                                         clk (net)
                  0.00    0.00    5.00 ^ clkbuf_0_clk/A (sky130_fd_sc_hd__clkbuf_8)
     4    0.03    0.07    0.13    5.13 ^ clkbuf_0_clk/X (sky130_fd_sc_hd__clkbuf_8)
                                         clknet_0_clk (net)
                  0.07    0.00    5.13 ^ clkbuf_2_1__f_clk/A (sky130_fd_sc_hd__clkbuf_8)
     7    0.03    0.07    0.16    5.29 ^ clkbuf_2_1__f_clk/X (sky130_fd_sc_hd__clkbuf_8)
                                         clknet_2_1__leaf_clk (net)
                  0.07    0.00    5.29 ^ spi_clk$_DFFE_PN0P_/CLK (sky130_fd_sc_hd__dfrtp_4)
                          0.00    5.29   clock reconvergence pessimism
                          0.18    5.46   library recovery time
                                  5.46   data required time
-----------------------------------------------------------------------------
                                  5.46   data required time
                                 -1.20   data arrival time
-----------------------------------------------------------------------------
                                  4.26   slack (MET)


Startpoint: bit_counter[0]$_DFFE_PN0P_
            (rising edge-triggered flip-flop clocked by core_clock)
Endpoint: miso_capture[0]$_DFFE_PN0P_
          (rising edge-triggered flip-flop clocked by core_clock)
Path Group: core_clock
Path Type: max

Fanout     Cap    Slew   Delay    Time   Description
-----------------------------------------------------------------------------
                          0.00    0.00   clock core_clock (rise edge)
                          0.00    0.00   clock source latency
     1    0.02    0.00    0.00    0.00 ^ clk (in)
                                         clk (net)
                  0.00    0.00    0.00 ^ clkbuf_0_clk/A (sky130_fd_sc_hd__clkbuf_8)
     4    0.03    0.07    0.13    0.13 ^ clkbuf_0_clk/X (sky130_fd_sc_hd__clkbuf_8)
                                         clknet_0_clk (net)
                  0.07    0.00    0.13 ^ clkbuf_2_1__f_clk/A (sky130_fd_sc_hd__clkbuf_8)
     7    0.03    0.07    0.16    0.29 ^ clkbuf_2_1__f_clk/X (sky130_fd_sc_hd__clkbuf_8)
                                         clknet_2_1__leaf_clk (net)
                  0.07    0.00    0.29 ^ bit_counter[0]$_DFFE_PN0P_/CLK (sky130_fd_sc_hd__dfrtp_2)
     8    0.03    0.10    0.46    0.75 v bit_counter[0]$_DFFE_PN0P_/Q (sky130_fd_sc_hd__dfrtp_2)
                                         bit_counter[0] (net)
                  0.10    0.00    0.75 v _273_/A (sky130_fd_sc_hd__ha_1)
     1    0.00    0.04    0.22    0.97 v _273_/COUT (sky130_fd_sc_hd__ha_1)
                                         _136_ (net)
                  0.04    0.00    0.97 v _143_/A (sky130_fd_sc_hd__clkbuf_2)
     6    0.03    0.12    0.18    1.15 v _143_/X (sky130_fd_sc_hd__clkbuf_2)
                                         _119_ (net)
                  0.12    0.00    1.15 v _144_/C (sky130_fd_sc_hd__nand3_2)
     5    0.02    0.13    0.16    1.31 ^ _144_/Y (sky130_fd_sc_hd__nand3_2)
                                         _123_ (net)
                  0.13    0.00    1.31 ^ _145_/A (sky130_fd_sc_hd__inv_1)
     1    0.01    0.05    0.07    1.38 v _145_/Y (sky130_fd_sc_hd__inv_1)
                                         _130_ (net)
                  0.05    0.00    1.38 v _271_/B (sky130_fd_sc_hd__ha_1)
     2    0.01    0.06    0.20    1.58 v _271_/COUT (sky130_fd_sc_hd__ha_1)
                                         _131_ (net)
                  0.06    0.00    1.58 v _175_/A (sky130_fd_sc_hd__nor3b_1)
     4    0.01    0.45    0.41    1.99 ^ _175_/Y (sky130_fd_sc_hd__nor3b_1)
                                         _054_ (net)
                  0.45    0.00    1.99 ^ _176_/D1 (sky130_fd_sc_hd__o2111ai_1)
     2    0.01    0.19    0.24    2.24 v _176_/Y (sky130_fd_sc_hd__o2111ai_1)
                                         _055_ (net)
                  0.19    0.00    2.24 v _178_/A2 (sky130_fd_sc_hd__a21oi_1)
     1    0.01    0.15    0.22    2.46 ^ _178_/Y (sky130_fd_sc_hd__a21oi_1)
                                         _057_ (net)
                  0.15    0.00    2.46 ^ _180_/B1 (sky130_fd_sc_hd__o22ai_1)
     1    0.00    0.08    0.11    2.57 v _180_/Y (sky130_fd_sc_hd__o22ai_1)
                                         _005_ (net)
                  0.08    0.00    2.57 v miso_capture[0]$_DFFE_PN0P_/D (sky130_fd_sc_hd__dfrtp_1)
                                  2.57   data arrival time

                          5.00    5.00   clock core_clock (rise edge)
                          0.00    5.00   clock source latency
     1    0.02    0.00    0.00    5.00 ^ clk (in)
                                         clk (net)
                  0.00    0.00    5.00 ^ clkbuf_0_clk/A (sky130_fd_sc_hd__clkbuf_8)
     4    0.03    0.07    0.13    5.13 ^ clkbuf_0_clk/X (sky130_fd_sc_hd__clkbuf_8)
                                         clknet_0_clk (net)
                  0.07    0.00    5.13 ^ clkbuf_2_3__f_clk/A (sky130_fd_sc_hd__clkbuf_8)
    10    0.04    0.08    0.16    5.29 ^ clkbuf_2_3__f_clk/X (sky130_fd_sc_hd__clkbuf_8)
                                         clknet_2_3__leaf_clk (net)
                  0.08    0.00    5.29 ^ miso_capture[0]$_DFFE_PN0P_/CLK (sky130_fd_sc_hd__dfrtp_1)
                          0.00    5.29   clock reconvergence pessimism
                         -0.12    5.17   library setup time
                                  5.17   data required time
-----------------------------------------------------------------------------
                                  5.17   data required time
                                 -2.57   data arrival time
-----------------------------------------------------------------------------
                                  2.60   slack (MET)



==========================================================================
global route report_checks -unconstrained
--------------------------------------------------------------------------
Startpoint: rst_n (input port clocked by core_clock)
Endpoint: spi_clk$_DFFE_PN0P_
          (recovery check against rising-edge clock core_clock)
Path Group: asynchronous
Path Type: max

Fanout     Cap    Slew   Delay    Time   Description
-----------------------------------------------------------------------------
                          0.00    0.00   clock core_clock (rise edge)
                          0.00    0.00   clock network delay (propagated)
                          0.20    0.20 ^ input external delay
     1    0.00    0.00    0.00    0.20 ^ rst_n (in)
                                         rst_n (net)
                  0.00    0.00    0.20 ^ hold2/A (sky130_fd_sc_hd__dlygate4sd3_1)
     1    0.00    0.05    0.52    0.72 ^ hold2/X (sky130_fd_sc_hd__dlygate4sd3_1)
                                         net26 (net)
                  0.05    0.00    0.72 ^ input1/A (sky130_fd_sc_hd__dlymetal6s2s_1)
     3    0.02    0.22    0.22    0.94 ^ input1/X (sky130_fd_sc_hd__dlymetal6s2s_1)
                                         net2 (net)
                  0.22    0.00    0.94 ^ hold1/A (sky130_fd_sc_hd__buf_12)
    32    0.17    0.20    0.26    1.20 ^ hold1/X (sky130_fd_sc_hd__buf_12)
                                         net1 (net)
                  0.20    0.00    1.20 ^ spi_clk$_DFFE_PN0P_/RESET_B (sky130_fd_sc_hd__dfrtp_4)
                                  1.20   data arrival time

                          5.00    5.00   clock core_clock (rise edge)
                          0.00    5.00   clock source latency
     1    0.02    0.00    0.00    5.00 ^ clk (in)
                                         clk (net)
                  0.00    0.00    5.00 ^ clkbuf_0_clk/A (sky130_fd_sc_hd__clkbuf_8)
     4    0.03    0.07    0.13    5.13 ^ clkbuf_0_clk/X (sky130_fd_sc_hd__clkbuf_8)
                                         clknet_0_clk (net)
                  0.07    0.00    5.13 ^ clkbuf_2_1__f_clk/A (sky130_fd_sc_hd__clkbuf_8)
     7    0.03    0.07    0.16    5.29 ^ clkbuf_2_1__f_clk/X (sky130_fd_sc_hd__clkbuf_8)
                                         clknet_2_1__leaf_clk (net)
                  0.07    0.00    5.29 ^ spi_clk$_DFFE_PN0P_/CLK (sky130_fd_sc_hd__dfrtp_4)
                          0.00    5.29   clock reconvergence pessimism
                          0.18    5.46   library recovery time
                                  5.46   data required time
-----------------------------------------------------------------------------
                                  5.46   data required time
                                 -1.20   data arrival time
-----------------------------------------------------------------------------
                                  4.26   slack (MET)


Startpoint: bit_counter[0]$_DFFE_PN0P_
            (rising edge-triggered flip-flop clocked by core_clock)
Endpoint: miso_capture[0]$_DFFE_PN0P_
          (rising edge-triggered flip-flop clocked by core_clock)
Path Group: core_clock
Path Type: max

Fanout     Cap    Slew   Delay    Time   Description
-----------------------------------------------------------------------------
                          0.00    0.00   clock core_clock (rise edge)
                          0.00    0.00   clock source latency
     1    0.02    0.00    0.00    0.00 ^ clk (in)
                                         clk (net)
                  0.00    0.00    0.00 ^ clkbuf_0_clk/A (sky130_fd_sc_hd__clkbuf_8)
     4    0.03    0.07    0.13    0.13 ^ clkbuf_0_clk/X (sky130_fd_sc_hd__clkbuf_8)
                                         clknet_0_clk (net)
                  0.07    0.00    0.13 ^ clkbuf_2_1__f_clk/A (sky130_fd_sc_hd__clkbuf_8)
     7    0.03    0.07    0.16    0.29 ^ clkbuf_2_1__f_clk/X (sky130_fd_sc_hd__clkbuf_8)
                                         clknet_2_1__leaf_clk (net)
                  0.07    0.00    0.29 ^ bit_counter[0]$_DFFE_PN0P_/CLK (sky130_fd_sc_hd__dfrtp_2)
     8    0.03    0.10    0.46    0.75 v bit_counter[0]$_DFFE_PN0P_/Q (sky130_fd_sc_hd__dfrtp_2)
                                         bit_counter[0] (net)
                  0.10    0.00    0.75 v _273_/A (sky130_fd_sc_hd__ha_1)
     1    0.00    0.04    0.22    0.97 v _273_/COUT (sky130_fd_sc_hd__ha_1)
                                         _136_ (net)
                  0.04    0.00    0.97 v _143_/A (sky130_fd_sc_hd__clkbuf_2)
     6    0.03    0.12    0.18    1.15 v _143_/X (sky130_fd_sc_hd__clkbuf_2)
                                         _119_ (net)
                  0.12    0.00    1.15 v _144_/C (sky130_fd_sc_hd__nand3_2)
     5    0.02    0.13    0.16    1.31 ^ _144_/Y (sky130_fd_sc_hd__nand3_2)
                                         _123_ (net)
                  0.13    0.00    1.31 ^ _145_/A (sky130_fd_sc_hd__inv_1)
     1    0.01    0.05    0.07    1.38 v _145_/Y (sky130_fd_sc_hd__inv_1)
                                         _130_ (net)
                  0.05    0.00    1.38 v _271_/B (sky130_fd_sc_hd__ha_1)
     2    0.01    0.06    0.20    1.58 v _271_/COUT (sky130_fd_sc_hd__ha_1)
                                         _131_ (net)
                  0.06    0.00    1.58 v _175_/A (sky130_fd_sc_hd__nor3b_1)
     4    0.01    0.45    0.41    1.99 ^ _175_/Y (sky130_fd_sc_hd__nor3b_1)
                                         _054_ (net)
                  0.45    0.00    1.99 ^ _176_/D1 (sky130_fd_sc_hd__o2111ai_1)
     2    0.01    0.19    0.24    2.24 v _176_/Y (sky130_fd_sc_hd__o2111ai_1)
                                         _055_ (net)
                  0.19    0.00    2.24 v _178_/A2 (sky130_fd_sc_hd__a21oi_1)
     1    0.01    0.15    0.22    2.46 ^ _178_/Y (sky130_fd_sc_hd__a21oi_1)
                                         _057_ (net)
                  0.15    0.00    2.46 ^ _180_/B1 (sky130_fd_sc_hd__o22ai_1)
     1    0.00    0.08    0.11    2.57 v _180_/Y (sky130_fd_sc_hd__o22ai_1)
                                         _005_ (net)
                  0.08    0.00    2.57 v miso_capture[0]$_DFFE_PN0P_/D (sky130_fd_sc_hd__dfrtp_1)
                                  2.57   data arrival time

                          5.00    5.00   clock core_clock (rise edge)
                          0.00    5.00   clock source latency
     1    0.02    0.00    0.00    5.00 ^ clk (in)
                                         clk (net)
                  0.00    0.00    5.00 ^ clkbuf_0_clk/A (sky130_fd_sc_hd__clkbuf_8)
     4    0.03    0.07    0.13    5.13 ^ clkbuf_0_clk/X (sky130_fd_sc_hd__clkbuf_8)
                                         clknet_0_clk (net)
                  0.07    0.00    5.13 ^ clkbuf_2_3__f_clk/A (sky130_fd_sc_hd__clkbuf_8)
    10    0.04    0.08    0.16    5.29 ^ clkbuf_2_3__f_clk/X (sky130_fd_sc_hd__clkbuf_8)
                                         clknet_2_3__leaf_clk (net)
                  0.08    0.00    5.29 ^ miso_capture[0]$_DFFE_PN0P_/CLK (sky130_fd_sc_hd__dfrtp_1)
                          0.00    5.29   clock reconvergence pessimism
                         -0.12    5.17   library setup time
                                  5.17   data required time
-----------------------------------------------------------------------------
                                  5.17   data required time
                                 -2.57   data arrival time
-----------------------------------------------------------------------------
                                  2.60   slack (MET)



==========================================================================
global route report_check_types -max_slew -max_cap -max_fanout -violators
--------------------------------------------------------------------------

==========================================================================
global route max_slew_check_slack
--------------------------------------------------------------------------
0.9625325202941895

==========================================================================
global route max_slew_check_limit
--------------------------------------------------------------------------
1.4971109628677368

==========================================================================
global route max_slew_check_slack_limit
--------------------------------------------------------------------------
0.6429

==========================================================================
global route max_fanout_check_slack
--------------------------------------------------------------------------
1.0000000150474662e+30

==========================================================================
global route max_fanout_check_limit
--------------------------------------------------------------------------
1.0000000150474662e+30

==========================================================================
global route max_capacitance_check_slack
--------------------------------------------------------------------------
0.032071370631456375

==========================================================================
global route max_capacitance_check_limit
--------------------------------------------------------------------------
0.03663099929690361

==========================================================================
global route max_capacitance_check_slack_limit
--------------------------------------------------------------------------
0.8755

==========================================================================
global route max_slew_violation_count
--------------------------------------------------------------------------
max slew violation count 0

==========================================================================
global route max_fanout_violation_count
--------------------------------------------------------------------------
max fanout violation count 0

==========================================================================
global route max_cap_violation_count
--------------------------------------------------------------------------
max cap violation count 0

==========================================================================
global route setup_violation_count
--------------------------------------------------------------------------
setup violation count 0

==========================================================================
global route hold_violation_count
--------------------------------------------------------------------------
hold violation count 0

==========================================================================
global route report_checks -path_delay max reg to reg
--------------------------------------------------------------------------
Startpoint: bit_counter[0]$_DFFE_PN0P_
            (rising edge-triggered flip-flop clocked by core_clock)
Endpoint: miso_capture[0]$_DFFE_PN0P_
          (rising edge-triggered flip-flop clocked by core_clock)
Path Group: core_clock
Path Type: max

  Delay    Time   Description
---------------------------------------------------------
   0.00    0.00   clock core_clock (rise edge)
   0.00    0.00   clock source latency
   0.00    0.00 ^ clk (in)
   0.13    0.13 ^ clkbuf_0_clk/X (sky130_fd_sc_hd__clkbuf_8)
   0.16    0.29 ^ clkbuf_2_1__f_clk/X (sky130_fd_sc_hd__clkbuf_8)
   0.00    0.29 ^ bit_counter[0]$_DFFE_PN0P_/CLK (sky130_fd_sc_hd__dfrtp_2)
   0.46    0.75 v bit_counter[0]$_DFFE_PN0P_/Q (sky130_fd_sc_hd__dfrtp_2)
   0.22    0.97 v _273_/COUT (sky130_fd_sc_hd__ha_1)
   0.18    1.15 v _143_/X (sky130_fd_sc_hd__clkbuf_2)
   0.16    1.31 ^ _144_/Y (sky130_fd_sc_hd__nand3_2)
   0.07    1.38 v _145_/Y (sky130_fd_sc_hd__inv_1)
   0.20    1.58 v _271_/COUT (sky130_fd_sc_hd__ha_1)
   0.41    1.99 ^ _175_/Y (sky130_fd_sc_hd__nor3b_1)
   0.24    2.24 v _176_/Y (sky130_fd_sc_hd__o2111ai_1)
   0.22    2.46 ^ _178_/Y (sky130_fd_sc_hd__a21oi_1)
   0.11    2.57 v _180_/Y (sky130_fd_sc_hd__o22ai_1)
   0.00    2.57 v miso_capture[0]$_DFFE_PN0P_/D (sky130_fd_sc_hd__dfrtp_1)
           2.57   data arrival time

   5.00    5.00   clock core_clock (rise edge)
   0.00    5.00   clock source latency
   0.00    5.00 ^ clk (in)
   0.13    5.13 ^ clkbuf_0_clk/X (sky130_fd_sc_hd__clkbuf_8)
   0.16    5.29 ^ clkbuf_2_3__f_clk/X (sky130_fd_sc_hd__clkbuf_8)
   0.00    5.29 ^ miso_capture[0]$_DFFE_PN0P_/CLK (sky130_fd_sc_hd__dfrtp_1)
   0.00    5.29   clock reconvergence pessimism
  -0.12    5.17   library setup time
           5.17   data required time
---------------------------------------------------------
           5.17   data required time
          -2.57   data arrival time
---------------------------------------------------------
           2.60   slack (MET)



==========================================================================
global route report_checks -path_delay min reg to reg
--------------------------------------------------------------------------
Startpoint: miso_capture[2]$_DFFE_PN0P_
            (rising edge-triggered flip-flop clocked by core_clock)
Endpoint: rx_data[2]$_DFFE_PN0P_
          (rising edge-triggered flip-flop clocked by core_clock)
Path Group: core_clock
Path Type: min

  Delay    Time   Description
---------------------------------------------------------
   0.00    0.00   clock core_clock (rise edge)
   0.00    0.00   clock source latency
   0.00    0.00 ^ clk (in)
   0.13    0.13 ^ clkbuf_0_clk/X (sky130_fd_sc_hd__clkbuf_8)
   0.16    0.29 ^ clkbuf_2_3__f_clk/X (sky130_fd_sc_hd__clkbuf_8)
   0.00    0.29 ^ miso_capture[2]$_DFFE_PN0P_/CLK (sky130_fd_sc_hd__dfrtp_1)
   0.36    0.65 ^ miso_capture[2]$_DFFE_PN0P_/Q (sky130_fd_sc_hd__dfrtp_1)
   0.13    0.78 ^ _221_/X (sky130_fd_sc_hd__mux2_1)
   0.00    0.78 ^ rx_data[2]$_DFFE_PN0P_/D (sky130_fd_sc_hd__dfrtp_1)
           0.78   data arrival time

   0.00    0.00   clock core_clock (rise edge)
   0.00    0.00   clock source latency
   0.00    0.00 ^ clk (in)
   0.13    0.13 ^ clkbuf_0_clk/X (sky130_fd_sc_hd__clkbuf_8)
   0.16    0.29 ^ clkbuf_2_3__f_clk/X (sky130_fd_sc_hd__clkbuf_8)
   0.00    0.29 ^ rx_data[2]$_DFFE_PN0P_/CLK (sky130_fd_sc_hd__dfrtp_1)
   0.00    0.29   clock reconvergence pessimism
  -0.03    0.26   library hold time
           0.26   data required time
---------------------------------------------------------
           0.26   data required time
          -0.78   data arrival time
---------------------------------------------------------
           0.52   slack (MET)



==========================================================================
global route critical path target clock latency max path
--------------------------------------------------------------------------
0.2880

==========================================================================
global route critical path target clock latency min path
--------------------------------------------------------------------------
0.2932

==========================================================================
global route critical path source clock latency min path
--------------------------------------------------------------------------
0.0000

==========================================================================
global route critical path delay
--------------------------------------------------------------------------
2.5709

==========================================================================
global route critical path slack
--------------------------------------------------------------------------
2.6029

==========================================================================
global route slack div critical path delay
--------------------------------------------------------------------------
101.244700

==========================================================================
global route report_power
--------------------------------------------------------------------------
Group                  Internal  Switching    Leakage      Total
                          Power      Power      Power      Power (Watts)
----------------------------------------------------------------
Sequential             3.66e-04   8.08e-05   4.07e-10   4.47e-04  36.5%
Combinational          2.00e-04   3.14e-04   4.47e-10   5.14e-04  42.0%
Clock                  1.49e-04   1.14e-04   5.24e-11   2.63e-04  21.5%
Macro                  0.00e+00   0.00e+00   0.00e+00   0.00e+00   0.0%
Pad                    0.00e+00   0.00e+00   0.00e+00   0.00e+00   0.0%
----------------------------------------------------------------
Total                  7.15e-04   5.09e-04   9.07e-10   1.22e-03 100.0%
                          58.4%      41.6%       0.0%
