
==========================================================================
global place report_tns
--------------------------------------------------------------------------
tns -0.18

==========================================================================
global place report_wns
--------------------------------------------------------------------------
wns -0.15

==========================================================================
global place report_worst_slack
--------------------------------------------------------------------------
worst slack -0.15

==========================================================================
global place report_checks -path_delay min
--------------------------------------------------------------------------
Startpoint: dynamic_node_top.east_input.NIB.head_ptr_f[0]$_SDFFE_PP0N_
            (rising edge-triggered flip-flop clocked by clk)
Endpoint: _19156_ (rising edge-triggered flip-flop clocked by clk)
Path Group: clk
Path Type: min

Fanout     Cap    Slew   Delay    Time   Description
-----------------------------------------------------------------------------
                  0.00    0.00    0.00   clock clk (rise edge)
                          0.00    0.00   clock network delay (ideal)
                  0.00    0.00    0.00 ^ dynamic_node_top.east_input.NIB.head_ptr_f[0]$_SDFFE_PP0N_/CK (DFF_X1)
     2    3.30    0.01    0.07    0.07 ^ dynamic_node_top.east_input.NIB.head_ptr_f[0]$_SDFFE_PP0N_/QN (DFF_X1)
                                         dynamic_node_top.east_input.NIB.head_ptr_next[0] (net)
                  0.01    0.00    0.07 ^ _15769_/A (XOR2_X1)
     1    1.65    0.01    0.01    0.08 v _15769_/Z (XOR2_X1)
                                         _02392_ (net)
                  0.01    0.00    0.08 v _15770_/A2 (NOR2_X1)
     1    1.19    0.01    0.03    0.11 ^ _15770_/ZN (NOR2_X1)
                                         _00081_ (net)
                  0.01    0.00    0.11 ^ _19156_/D (DFF_X1)
                                  0.11   data arrival time

                  0.00    0.00    0.00   clock clk (rise edge)
                          0.00    0.00   clock network delay (ideal)
                          0.00    0.00   clock reconvergence pessimism
                                  0.00 ^ _19156_/CK (DFF_X1)
                          0.01    0.01   library hold time
                                  0.01   data required time
-----------------------------------------------------------------------------
                                  0.01   data required time
                                 -0.11   data arrival time
-----------------------------------------------------------------------------
                                  0.10   slack (MET)



==========================================================================
global place report_checks -path_delay max
--------------------------------------------------------------------------
Startpoint: _19154_ (rising edge-triggered flip-flop clocked by clk)
Endpoint: thanksIn_P (output port clocked by clk)
Path Group: clk
Path Type: max

Fanout     Cap    Slew   Delay    Time   Description
-----------------------------------------------------------------------------
                  0.00    0.00    0.00   clock clk (rise edge)
                          0.00    0.00   clock network delay (ideal)
                  0.00    0.00    0.00 ^ _19154_/CK (DFF_X1)
     1    1.10    0.01    0.08    0.08 ^ _19154_/Q (DFF_X1)
                                         _00013_ (net)
                  0.01    0.00    0.08 ^ _10617_/A (BUF_X1)
    14   41.42    0.09    0.11    0.20 ^ _10617_/Z (BUF_X1)
                                         _05124_ (net)
                  0.09    0.01    0.20 ^ _10619_/A (BUF_X1)
    10   25.44    0.06    0.09    0.29 ^ _10619_/Z (BUF_X1)
                                         _05126_ (net)
                  0.06    0.00    0.29 ^ _12793_/A (BUF_X1)
    19   42.50    0.10    0.13    0.42 ^ _12793_/Z (BUF_X1)
                                         _07244_ (net)
                  0.10    0.00    0.42 ^ _12815_/A1 (NAND2_X1)
     1    5.91    0.03    0.04    0.46 v _12815_/ZN (NAND2_X1)
                                         _07263_ (net)
                  0.03    0.00    0.46 v _12817_/A (OAI21_X4)
     6   23.80    0.04    0.04    0.50 ^ _12817_/ZN (OAI21_X4)
                                         _10203_ (net)
                  0.04    0.01    0.51 ^ _19001_/B (HA_X1)
     3    5.40    0.04    0.07    0.58 ^ _19001_/S (HA_X1)
                                         _10205_ (net)
                  0.04    0.00    0.58 ^ _11130_/A1 (NAND4_X1)
     2    2.89    0.02    0.04    0.62 v _11130_/ZN (NAND4_X1)
                                         _05626_ (net)
                  0.02    0.00    0.62 v _11612_/A2 (OR2_X1)
     2    3.30    0.01    0.06    0.68 v _11612_/ZN (OR2_X1)
                                         _06105_ (net)
                  0.01    0.00    0.68 v _11614_/A1 (NAND2_X1)
     1    1.83    0.01    0.02    0.69 ^ _11614_/ZN (NAND2_X1)
                                         _06107_ (net)
                  0.01    0.00    0.69 ^ _11626_/B1 (OAI221_X1)
     1    1.43    0.02    0.03    0.72 v _11626_/ZN (OAI221_X1)
                                         _06119_ (net)
                  0.02    0.00    0.72 v _11627_/B (MUX2_X1)
     1    6.58    0.01    0.07    0.79 v _11627_/Z (MUX2_X1)
                                         _06120_ (net)
                  0.01    0.00    0.79 v _11628_/A (BUF_X4)
     9   20.21    0.01    0.03    0.83 v _11628_/Z (BUF_X4)
                                         _06121_ (net)
                  0.01    0.00    0.83 v _11630_/B1 (AOI21_X4)
     8   17.08    0.03    0.04    0.87 ^ _11630_/ZN (AOI21_X4)
                                         validOut_N (net)
                  0.03    0.00    0.87 ^ _12578_/A3 (NAND3_X1)
     2    3.44    0.02    0.03    0.90 v _12578_/ZN (NAND3_X1)
                                         _07045_ (net)
                  0.02    0.00    0.90 v _12666_/A3 (OAI33_X1)
     1    3.80    0.07    0.08    0.97 ^ _12666_/ZN (OAI33_X1)
                                         _07127_ (net)
                  0.07    0.00    0.97 ^ _12667_/A3 (NOR3_X2)
     5   18.55    0.03    0.04    1.01 v _12667_/ZN (NOR3_X2)
                                         _10456_ (net)
                  0.03    0.00    1.01 v _12668_/A (INV_X1)
     2    7.57    0.02    0.04    1.05 ^ _12668_/ZN (INV_X1)
                                         thanksIn_P (net)
                  0.02    0.00    1.05 ^ thanksIn_P (out)
                                  1.05   data arrival time

                  0.00    6.00    6.00   clock clk (rise edge)
                          0.00    6.00   clock network delay (ideal)
                          0.00    6.00   clock reconvergence pessimism
                         -5.10    0.90   output external delay
                                  0.90   data required time
-----------------------------------------------------------------------------
                                  0.90   data required time
                                 -1.05   data arrival time
-----------------------------------------------------------------------------
                                 -0.15   slack (VIOLATED)



==========================================================================
global place report_checks -unconstrained
--------------------------------------------------------------------------
Startpoint: _19154_ (rising edge-triggered flip-flop clocked by clk)
Endpoint: thanksIn_P (output port clocked by clk)
Path Group: clk
Path Type: max

Fanout     Cap    Slew   Delay    Time   Description
-----------------------------------------------------------------------------
                  0.00    0.00    0.00   clock clk (rise edge)
                          0.00    0.00   clock network delay (ideal)
                  0.00    0.00    0.00 ^ _19154_/CK (DFF_X1)
     1    1.10    0.01    0.08    0.08 ^ _19154_/Q (DFF_X1)
                                         _00013_ (net)
                  0.01    0.00    0.08 ^ _10617_/A (BUF_X1)
    14   41.42    0.09    0.11    0.20 ^ _10617_/Z (BUF_X1)
                                         _05124_ (net)
                  0.09    0.01    0.20 ^ _10619_/A (BUF_X1)
    10   25.44    0.06    0.09    0.29 ^ _10619_/Z (BUF_X1)
                                         _05126_ (net)
                  0.06    0.00    0.29 ^ _12793_/A (BUF_X1)
    19   42.50    0.10    0.13    0.42 ^ _12793_/Z (BUF_X1)
                                         _07244_ (net)
                  0.10    0.00    0.42 ^ _12815_/A1 (NAND2_X1)
     1    5.91    0.03    0.04    0.46 v _12815_/ZN (NAND2_X1)
                                         _07263_ (net)
                  0.03    0.00    0.46 v _12817_/A (OAI21_X4)
     6   23.80    0.04    0.04    0.50 ^ _12817_/ZN (OAI21_X4)
                                         _10203_ (net)
                  0.04    0.01    0.51 ^ _19001_/B (HA_X1)
     3    5.40    0.04    0.07    0.58 ^ _19001_/S (HA_X1)
                                         _10205_ (net)
                  0.04    0.00    0.58 ^ _11130_/A1 (NAND4_X1)
     2    2.89    0.02    0.04    0.62 v _11130_/ZN (NAND4_X1)
                                         _05626_ (net)
                  0.02    0.00    0.62 v _11612_/A2 (OR2_X1)
     2    3.30    0.01    0.06    0.68 v _11612_/ZN (OR2_X1)
                                         _06105_ (net)
                  0.01    0.00    0.68 v _11614_/A1 (NAND2_X1)
     1    1.83    0.01    0.02    0.69 ^ _11614_/ZN (NAND2_X1)
                                         _06107_ (net)
                  0.01    0.00    0.69 ^ _11626_/B1 (OAI221_X1)
     1    1.43    0.02    0.03    0.72 v _11626_/ZN (OAI221_X1)
                                         _06119_ (net)
                  0.02    0.00    0.72 v _11627_/B (MUX2_X1)
     1    6.58    0.01    0.07    0.79 v _11627_/Z (MUX2_X1)
                                         _06120_ (net)
                  0.01    0.00    0.79 v _11628_/A (BUF_X4)
     9   20.21    0.01    0.03    0.83 v _11628_/Z (BUF_X4)
                                         _06121_ (net)
                  0.01    0.00    0.83 v _11630_/B1 (AOI21_X4)
     8   17.08    0.03    0.04    0.87 ^ _11630_/ZN (AOI21_X4)
                                         validOut_N (net)
                  0.03    0.00    0.87 ^ _12578_/A3 (NAND3_X1)
     2    3.44    0.02    0.03    0.90 v _12578_/ZN (NAND3_X1)
                                         _07045_ (net)
                  0.02    0.00    0.90 v _12666_/A3 (OAI33_X1)
     1    3.80    0.07    0.08    0.97 ^ _12666_/ZN (OAI33_X1)
                                         _07127_ (net)
                  0.07    0.00    0.97 ^ _12667_/A3 (NOR3_X2)
     5   18.55    0.03    0.04    1.01 v _12667_/ZN (NOR3_X2)
                                         _10456_ (net)
                  0.03    0.00    1.01 v _12668_/A (INV_X1)
     2    7.57    0.02    0.04    1.05 ^ _12668_/ZN (INV_X1)
                                         thanksIn_P (net)
                  0.02    0.00    1.05 ^ thanksIn_P (out)
                                  1.05   data arrival time

                  0.00    6.00    6.00   clock clk (rise edge)
                          0.00    6.00   clock network delay (ideal)
                          0.00    6.00   clock reconvergence pessimism
                         -5.10    0.90   output external delay
                                  0.90   data required time
-----------------------------------------------------------------------------
                                  0.90   data required time
                                 -1.05   data arrival time
-----------------------------------------------------------------------------
                                 -0.15   slack (VIOLATED)



==========================================================================
global place report_power
--------------------------------------------------------------------------
Group                  Internal  Switching    Leakage      Total
                          Power      Power      Power      Power (Watts)
----------------------------------------------------------------
Sequential             4.30e-03   3.86e-04   1.76e-04   4.86e-03  38.7%
Combinational          3.59e-03   3.86e-03   2.62e-04   7.71e-03  61.3%
Clock                  0.00e+00   0.00e+00   0.00e+00   0.00e+00   0.0%
Macro                  0.00e+00   0.00e+00   0.00e+00   0.00e+00   0.0%
Pad                    0.00e+00   0.00e+00   0.00e+00   0.00e+00   0.0%
----------------------------------------------------------------
Total                  7.89e-03   4.25e-03   4.39e-04   1.26e-02 100.0%
                          62.7%      33.8%       3.5%
