
==========================================================================
detailed place report_tns
--------------------------------------------------------------------------
tns 0.00

==========================================================================
detailed place report_wns
--------------------------------------------------------------------------
wns 0.00

==========================================================================
detailed place report_worst_slack
--------------------------------------------------------------------------
worst slack 1.11

==========================================================================
detailed place report_checks -path_delay min
--------------------------------------------------------------------------
Startpoint: data_in[1] (input port clocked by core_clock)
Endpoint: data_out[23] (output port clocked by core_clock)
Path Group: core_clock
Path Type: min

Fanout     Cap    Slew   Delay    Time   Description
-----------------------------------------------------------------------------
                  0.00    0.00    0.00   clock core_clock (rise edge)
                          0.00    0.00   clock network delay (ideal)
                          0.20    0.20 ^ input external delay
     1    0.00    0.00    0.00    0.20 ^ data_in[1] (in)
                                         data_in[1] (net)
                  0.00    0.00    0.20 ^ input12/A (sky130_fd_sc_hd__buf_2)
     5    0.03    0.15    0.17    0.37 ^ input12/X (sky130_fd_sc_hd__buf_2)
                                         net12 (net)
                  0.15    0.00    0.37 ^ _761_/A1 (sky130_fd_sc_hd__a32oi_1)
     1    0.00    0.04    0.11    0.47 v _761_/Y (sky130_fd_sc_hd__a32oi_1)
                                         _325_ (net)
                  0.04    0.00    0.47 v _762_/B1 (sky130_fd_sc_hd__o21ai_0)
     1    0.00    0.08    0.07    0.55 ^ _762_/Y (sky130_fd_sc_hd__o21ai_0)
                                         net54 (net)
                  0.08    0.00    0.55 ^ output54/A (sky130_fd_sc_hd__clkbuf_1)
     1    0.00    0.02    0.07    0.62 ^ output54/X (sky130_fd_sc_hd__clkbuf_1)
                                         data_out[23] (net)
                  0.02    0.00    0.62 ^ data_out[23] (out)
                                  0.62   data arrival time

                  0.00    0.00    0.00   clock core_clock (rise edge)
                          0.00    0.00   clock network delay (ideal)
                          0.00    0.00   clock reconvergence pessimism
                         -0.20   -0.20   output external delay
                                 -0.20   data required time
-----------------------------------------------------------------------------
                                 -0.20   data required time
                                 -0.62   data arrival time
-----------------------------------------------------------------------------
                                  0.82   slack (MET)



==========================================================================
detailed place report_checks -path_delay max
--------------------------------------------------------------------------
Startpoint: rotate_amount[0] (input port clocked by core_clock)
Endpoint: data_out[23] (output port clocked by core_clock)
Path Group: core_clock
Path Type: max

Fanout     Cap    Slew   Delay    Time   Description
-----------------------------------------------------------------------------
                  0.00    0.00    0.00   clock core_clock (rise edge)
                          0.00    0.00   clock network delay (ideal)
                          0.20    0.20 v input external delay
     1    0.00    0.00    0.00    0.20 v rotate_amount[0] (in)
                                         rotate_amount[0] (net)
                  0.00    0.00    0.20 v input34/A (sky130_fd_sc_hd__buf_2)
     7    0.03    0.09    0.16    0.36 v input34/X (sky130_fd_sc_hd__buf_2)
                                         net34 (net)
                  0.09    0.00    0.36 v _396_/A (sky130_fd_sc_hd__inv_2)
     5    0.03    0.16    0.16    0.52 ^ _396_/Y (sky130_fd_sc_hd__inv_2)
                                         _369_ (net)
                  0.16    0.00    0.52 ^ _397_/A (sky130_fd_sc_hd__clkbuf_4)
    10    0.05    0.16    0.26    0.78 ^ _397_/X (sky130_fd_sc_hd__clkbuf_4)
                                         _370_ (net)
                  0.16    0.00    0.78 ^ _398_/A (sky130_fd_sc_hd__clkbuf_4)
    10    0.05    0.17    0.27    1.05 ^ _398_/X (sky130_fd_sc_hd__clkbuf_4)
                                         _392_ (net)
                  0.17    0.00    1.05 ^ _822_/A (sky130_fd_sc_hd__ha_1)
     1    0.00    0.05    0.25    1.31 v _822_/SUM (sky130_fd_sc_hd__ha_1)
                                         _395_ (net)
                  0.05    0.00    1.31 v _402_/A (sky130_fd_sc_hd__buf_4)
     9    0.07    0.09    0.21    1.51 v _402_/X (sky130_fd_sc_hd__buf_4)
                                         _373_ (net)
                  0.09    0.00    1.51 v _430_/A (sky130_fd_sc_hd__xnor2_4)
    10    0.11    0.80    0.68    2.19 ^ _430_/Y (sky130_fd_sc_hd__xnor2_4)
                                         _009_ (net)
                  0.80    0.00    2.19 ^ _431_/A (sky130_fd_sc_hd__buf_6)
    10    0.08    0.16    0.29    2.48 ^ _431_/X (sky130_fd_sc_hd__buf_6)
                                         _010_ (net)
                  0.16    0.00    2.48 ^ _603_/S (sky130_fd_sc_hd__mux2i_1)
     2    0.01    0.12    0.14    2.62 v _603_/Y (sky130_fd_sc_hd__mux2i_1)
                                         _180_ (net)
                  0.12    0.00    2.62 v _701_/A0 (sky130_fd_sc_hd__mux2_1)
     2    0.02    0.12    0.39    3.00 v _701_/X (sky130_fd_sc_hd__mux2_1)
                                         _274_ (net)
                  0.12    0.00    3.00 v _760_/A1 (sky130_fd_sc_hd__mux2_1)
     2    0.01    0.07    0.34    3.34 v _760_/X (sky130_fd_sc_hd__mux2_1)
                                         _324_ (net)
                  0.07    0.00    3.34 v _761_/B2 (sky130_fd_sc_hd__a32oi_1)
     1    0.00    0.13    0.15    3.49 ^ _761_/Y (sky130_fd_sc_hd__a32oi_1)
                                         _325_ (net)
                  0.13    0.00    3.49 ^ _762_/B1 (sky130_fd_sc_hd__o21ai_0)
     1    0.00    0.07    0.11    3.60 v _762_/Y (sky130_fd_sc_hd__o21ai_0)
                                         net54 (net)
                  0.07    0.00    3.60 v output54/A (sky130_fd_sc_hd__clkbuf_1)
     1    0.00    0.02    0.09    3.69 v output54/X (sky130_fd_sc_hd__clkbuf_1)
                                         data_out[23] (net)
                  0.02    0.00    3.69 v data_out[23] (out)
                                  3.69   data arrival time

                  0.00    5.00    5.00   clock core_clock (rise edge)
                          0.00    5.00   clock network delay (ideal)
                          0.00    5.00   clock reconvergence pessimism
                         -0.20    4.80   output external delay
                                  4.80   data required time
-----------------------------------------------------------------------------
                                  4.80   data required time
                                 -3.69   data arrival time
-----------------------------------------------------------------------------
                                  1.11   slack (MET)



==========================================================================
detailed place report_checks -unconstrained
--------------------------------------------------------------------------
Startpoint: rotate_amount[0] (input port clocked by core_clock)
Endpoint: data_out[23] (output port clocked by core_clock)
Path Group: core_clock
Path Type: max

Fanout     Cap    Slew   Delay    Time   Description
-----------------------------------------------------------------------------
                  0.00    0.00    0.00   clock core_clock (rise edge)
                          0.00    0.00   clock network delay (ideal)
                          0.20    0.20 v input external delay
     1    0.00    0.00    0.00    0.20 v rotate_amount[0] (in)
                                         rotate_amount[0] (net)
                  0.00    0.00    0.20 v input34/A (sky130_fd_sc_hd__buf_2)
     7    0.03    0.09    0.16    0.36 v input34/X (sky130_fd_sc_hd__buf_2)
                                         net34 (net)
                  0.09    0.00    0.36 v _396_/A (sky130_fd_sc_hd__inv_2)
     5    0.03    0.16    0.16    0.52 ^ _396_/Y (sky130_fd_sc_hd__inv_2)
                                         _369_ (net)
                  0.16    0.00    0.52 ^ _397_/A (sky130_fd_sc_hd__clkbuf_4)
    10    0.05    0.16    0.26    0.78 ^ _397_/X (sky130_fd_sc_hd__clkbuf_4)
                                         _370_ (net)
                  0.16    0.00    0.78 ^ _398_/A (sky130_fd_sc_hd__clkbuf_4)
    10    0.05    0.17    0.27    1.05 ^ _398_/X (sky130_fd_sc_hd__clkbuf_4)
                                         _392_ (net)
                  0.17    0.00    1.05 ^ _822_/A (sky130_fd_sc_hd__ha_1)
     1    0.00    0.05    0.25    1.31 v _822_/SUM (sky130_fd_sc_hd__ha_1)
                                         _395_ (net)
                  0.05    0.00    1.31 v _402_/A (sky130_fd_sc_hd__buf_4)
     9    0.07    0.09    0.21    1.51 v _402_/X (sky130_fd_sc_hd__buf_4)
                                         _373_ (net)
                  0.09    0.00    1.51 v _430_/A (sky130_fd_sc_hd__xnor2_4)
    10    0.11    0.80    0.68    2.19 ^ _430_/Y (sky130_fd_sc_hd__xnor2_4)
                                         _009_ (net)
                  0.80    0.00    2.19 ^ _431_/A (sky130_fd_sc_hd__buf_6)
    10    0.08    0.16    0.29    2.48 ^ _431_/X (sky130_fd_sc_hd__buf_6)
                                         _010_ (net)
                  0.16    0.00    2.48 ^ _603_/S (sky130_fd_sc_hd__mux2i_1)
     2    0.01    0.12    0.14    2.62 v _603_/Y (sky130_fd_sc_hd__mux2i_1)
                                         _180_ (net)
                  0.12    0.00    2.62 v _701_/A0 (sky130_fd_sc_hd__mux2_1)
     2    0.02    0.12    0.39    3.00 v _701_/X (sky130_fd_sc_hd__mux2_1)
                                         _274_ (net)
                  0.12    0.00    3.00 v _760_/A1 (sky130_fd_sc_hd__mux2_1)
     2    0.01    0.07    0.34    3.34 v _760_/X (sky130_fd_sc_hd__mux2_1)
                                         _324_ (net)
                  0.07    0.00    3.34 v _761_/B2 (sky130_fd_sc_hd__a32oi_1)
     1    0.00    0.13    0.15    3.49 ^ _761_/Y (sky130_fd_sc_hd__a32oi_1)
                                         _325_ (net)
                  0.13    0.00    3.49 ^ _762_/B1 (sky130_fd_sc_hd__o21ai_0)
     1    0.00    0.07    0.11    3.60 v _762_/Y (sky130_fd_sc_hd__o21ai_0)
                                         net54 (net)
                  0.07    0.00    3.60 v output54/A (sky130_fd_sc_hd__clkbuf_1)
     1    0.00    0.02    0.09    3.69 v output54/X (sky130_fd_sc_hd__clkbuf_1)
                                         data_out[23] (net)
                  0.02    0.00    3.69 v data_out[23] (out)
                                  3.69   data arrival time

                  0.00    5.00    5.00   clock core_clock (rise edge)
                          0.00    5.00   clock network delay (ideal)
                          0.00    5.00   clock reconvergence pessimism
                         -0.20    4.80   output external delay
                                  4.80   data required time
-----------------------------------------------------------------------------
                                  4.80   data required time
                                 -3.69   data arrival time
-----------------------------------------------------------------------------
                                  1.11   slack (MET)



==========================================================================
detailed place report_check_types -max_slew -max_cap -max_fanout -violators
--------------------------------------------------------------------------

==========================================================================
detailed place max_slew_check_slack
--------------------------------------------------------------------------
0.6977539658546448

==========================================================================
detailed place max_slew_check_limit
--------------------------------------------------------------------------
1.5

==========================================================================
detailed place max_slew_check_slack_limit
--------------------------------------------------------------------------
0.4652

==========================================================================
detailed place max_fanout_check_slack
--------------------------------------------------------------------------
1.0000000150474662e+30

==========================================================================
detailed place max_fanout_check_limit
--------------------------------------------------------------------------
1.0000000150474662e+30

==========================================================================
detailed place max_capacitance_check_slack
--------------------------------------------------------------------------
0.018029477447271347

==========================================================================
detailed place max_capacitance_check_limit
--------------------------------------------------------------------------
0.021067000925540924

==========================================================================
detailed place max_capacitance_check_slack_limit
--------------------------------------------------------------------------
0.8558

==========================================================================
detailed place max_slew_violation_count
--------------------------------------------------------------------------
max slew violation count 0

==========================================================================
detailed place max_fanout_violation_count
--------------------------------------------------------------------------
max fanout violation count 0

==========================================================================
detailed place max_cap_violation_count
--------------------------------------------------------------------------
max cap violation count 0

==========================================================================
detailed place setup_violation_count
--------------------------------------------------------------------------
setup violation count 0

==========================================================================
detailed place hold_violation_count
--------------------------------------------------------------------------
hold violation count 0

==========================================================================
detailed place critical path delay
--------------------------------------------------------------------------
3.6865

==========================================================================
detailed place critical path slack
--------------------------------------------------------------------------
1.1135

==========================================================================
detailed place slack div critical path delay
--------------------------------------------------------------------------
30.204801

==========================================================================
detailed place report_power
--------------------------------------------------------------------------
Group                  Internal  Switching    Leakage      Total
                          Power      Power      Power      Power (Watts)
----------------------------------------------------------------
Sequential             0.00e+00   0.00e+00   0.00e+00   0.00e+00   0.0%
Combinational          3.48e-04   4.28e-04   1.63e-09   7.77e-04 100.0%
Clock                  0.00e+00   0.00e+00   0.00e+00   0.00e+00   0.0%
Macro                  0.00e+00   0.00e+00   0.00e+00   0.00e+00   0.0%
Pad                    0.00e+00   0.00e+00   0.00e+00   0.00e+00   0.0%
----------------------------------------------------------------
Total                  3.48e-04   4.28e-04   1.63e-09   7.77e-04 100.0%
                          44.9%      55.1%       0.0%
