
==========================================================================
global route report_tns
--------------------------------------------------------------------------
tns 0.00

==========================================================================
global route report_wns
--------------------------------------------------------------------------
wns 0.00

==========================================================================
global route report_worst_slack
--------------------------------------------------------------------------
worst slack INF

==========================================================================
global route report_clock_skew
--------------------------------------------------------------------------

==========================================================================
global route report_checks -path_delay min
--------------------------------------------------------------------------
No paths found.

==========================================================================
global route report_checks -path_delay max
--------------------------------------------------------------------------
No paths found.

==========================================================================
global route report_checks -unconstrained
--------------------------------------------------------------------------
Startpoint: a[10] (input port)
Endpoint: sum[28] (output port)
Path Group: unconstrained
Path Type: max

Fanout     Cap    Slew   Delay    Time   Description
-----------------------------------------------------------------------------
                          0.20    0.20 ^ input external delay
     1    2.04    0.00    0.00    0.20 ^ a[10] (in)
                                         a[10] (net)
                  0.00    0.00    0.20 ^ input2/A (BUF_X2)
     1   12.89    0.02    0.03    0.23 ^ input2/Z (BUF_X2)
                                         net2 (net)
                  0.02    0.00    0.23 ^ _807_/A (HA_X1)
     1    4.06    0.03    0.06    0.29 ^ _807_/S (HA_X1)
                                         _388_ (net)
                  0.03    0.00    0.29 ^ _480_/A (BUF_X4)
     6   27.95    0.02    0.04    0.33 ^ _480_/Z (BUF_X4)
                                         _068_ (net)
                  0.02    0.01    0.34 ^ _598_/A3 (NAND4_X2)
     1    7.48    0.02    0.04    0.38 v _598_/ZN (NAND4_X2)
                                         _186_ (net)
                  0.02    0.00    0.38 v _599_/A4 (NOR4_X4)
     4   23.06    0.08    0.13    0.51 ^ _599_/ZN (NOR4_X4)
                                         _187_ (net)
                  0.08    0.01    0.51 ^ _600_/A2 (NAND2_X4)
     6   16.02    0.02    0.03    0.54 v _600_/ZN (NAND2_X4)
                                         _188_ (net)
                  0.02    0.00    0.54 v _635_/A2 (OR2_X1)
     2    8.18    0.02    0.07    0.61 v _635_/ZN (OR2_X1)
                                         _223_ (net)
                  0.02    0.00    0.61 v _637_/A3 (NOR4_X4)
     2   16.91    0.07    0.11    0.72 ^ _637_/ZN (NOR4_X4)
                                         _225_ (net)
                  0.07    0.00    0.72 ^ _739_/A2 (OR2_X1)
     2    3.78    0.01    0.04    0.76 ^ _739_/ZN (OR2_X1)
                                         _308_ (net)
                  0.01    0.00    0.76 ^ _747_/B1 (OAI21_X1)
     1    2.16    0.01    0.02    0.78 v _747_/ZN (OAI21_X1)
                                         _315_ (net)
                  0.01    0.00    0.78 v _748_/B2 (OAI21_X1)
     1    4.85    0.03    0.05    0.83 ^ _748_/ZN (OAI21_X1)
                                         _316_ (net)
                  0.03    0.00    0.83 ^ _749_/B (XOR2_X2)
     1   10.74    0.04    0.07    0.90 ^ _749_/Z (XOR2_X2)
                                         net87 (net)
                  0.04    0.00    0.90 ^ output87/A (BUF_X1)
     1    0.76    0.01    0.03    0.93 ^ output87/Z (BUF_X1)
                                         sum[28] (net)
                  0.01    0.00    0.93 ^ sum[28] (out)
                                  0.93   data arrival time
-----------------------------------------------------------------------------
(Path is unconstrained)



==========================================================================
global route report_check_types -max_slew -max_cap -max_fanout -violators
--------------------------------------------------------------------------

==========================================================================
global route max_slew_check_slack
--------------------------------------------------------------------------
0.09731040894985199

==========================================================================
global route max_slew_check_limit
--------------------------------------------------------------------------
0.1985349953174591

==========================================================================
global route max_slew_check_slack_limit
--------------------------------------------------------------------------
0.4901

==========================================================================
global route max_fanout_check_slack
--------------------------------------------------------------------------
1.0000000150474662e+30

==========================================================================
global route max_fanout_check_limit
--------------------------------------------------------------------------
1.0000000150474662e+30

==========================================================================
global route max_capacitance_check_slack
--------------------------------------------------------------------------
6.6319427490234375

==========================================================================
global route max_capacitance_check_limit
--------------------------------------------------------------------------
28.991697311401367

==========================================================================
global route max_capacitance_check_slack_limit
--------------------------------------------------------------------------
0.2288

==========================================================================
global route max_slew_violation_count
--------------------------------------------------------------------------
max slew violation count 0

==========================================================================
global route max_fanout_violation_count
--------------------------------------------------------------------------
max fanout violation count 0

==========================================================================
global route max_cap_violation_count
--------------------------------------------------------------------------
max cap violation count 0

==========================================================================
global route setup_violation_count
--------------------------------------------------------------------------
setup violation count 0

==========================================================================
global route hold_violation_count
--------------------------------------------------------------------------
hold violation count 0

==========================================================================
global route critical path delay
--------------------------------------------------------------------------
-1

==========================================================================
global route critical path slack
--------------------------------------------------------------------------
0

==========================================================================
global route slack div critical path delay
--------------------------------------------------------------------------
0.000000

==========================================================================
global route report_power
--------------------------------------------------------------------------
Group                  Internal  Switching    Leakage      Total
                          Power      Power      Power      Power (Watts)
----------------------------------------------------------------
Sequential             0.00e+00   0.00e+00   0.00e+00   0.00e+00   0.0%
Combinational          3.54e-13   4.20e-13   2.00e-05   2.00e-05 100.0%
Clock                  0.00e+00   0.00e+00   0.00e+00   0.00e+00   0.0%
Macro                  0.00e+00   0.00e+00   0.00e+00   0.00e+00   0.0%
Pad                    0.00e+00   0.00e+00   0.00e+00   0.00e+00   0.0%
----------------------------------------------------------------
Total                  3.54e-13   4.20e-13   2.00e-05   2.00e-05 100.0%
                           0.0%       0.0%     100.0%
