
==========================================================================
global route report_tns
--------------------------------------------------------------------------
tns 0.00

==========================================================================
global route report_wns
--------------------------------------------------------------------------
wns 0.00

==========================================================================
global route report_worst_slack
--------------------------------------------------------------------------
worst slack INF

==========================================================================
global route report_clock_skew
--------------------------------------------------------------------------

==========================================================================
global route report_checks -path_delay min
--------------------------------------------------------------------------
No paths found.

==========================================================================
global route report_checks -path_delay max
--------------------------------------------------------------------------
No paths found.

==========================================================================
global route report_checks -unconstrained
--------------------------------------------------------------------------
Startpoint: a[0] (input port)
Endpoint: sum[25] (output port)
Path Group: unconstrained
Path Type: max

Fanout     Cap    Slew   Delay    Time   Description
-----------------------------------------------------------------------------
                          0.20    0.20 v input external delay
     1    0.01    0.00    0.00    0.20 v a[0] (in)
                                         a[0] (net)
                  0.00    0.00    0.20 v input1/I (gf180mcu_fd_sc_mcu9t5v0__dlyb_2)
     2    0.02    0.21    0.74    0.94 v input1/Z (gf180mcu_fd_sc_mcu9t5v0__dlyb_2)
                                         net1 (net)
                  0.21    0.00    0.94 v _296_/I (gf180mcu_fd_sc_mcu9t5v0__clkinv_2)
     1    0.01    0.09    0.08    1.02 ^ _296_/ZN (gf180mcu_fd_sc_mcu9t5v0__clkinv_2)
                                         _280_ (net)
                  0.09    0.00    1.02 ^ _570_/A (gf180mcu_fd_sc_mcu9t5v0__addh_1)
     2    0.02    0.21    0.27    1.29 ^ _570_/CO (gf180mcu_fd_sc_mcu9t5v0__addh_1)
                                         _282_ (net)
                  0.21    0.00    1.29 ^ _347_/I1 (gf180mcu_fd_sc_mcu9t5v0__mux2_4)
     3    0.23    0.44    0.46    1.75 ^ _347_/Z (gf180mcu_fd_sc_mcu9t5v0__mux2_4)
                                         _041_ (net)
                  0.44    0.00    1.75 ^ _350_/A1 (gf180mcu_fd_sc_mcu9t5v0__oai211_4)
     3    0.06    0.23    0.16    1.91 v _350_/ZN (gf180mcu_fd_sc_mcu9t5v0__oai211_4)
                                         _044_ (net)
                  0.23    0.00    1.91 v _388_/A2 (gf180mcu_fd_sc_mcu9t5v0__and2_2)
     1    0.03    0.10    0.23    2.14 v _388_/Z (gf180mcu_fd_sc_mcu9t5v0__and2_2)
                                         _082_ (net)
                  0.10    0.00    2.14 v _393_/A2 (gf180mcu_fd_sc_mcu9t5v0__oai32_4)
    10    0.35    1.83    1.07    3.21 ^ _393_/ZN (gf180mcu_fd_sc_mcu9t5v0__oai32_4)
                                         _087_ (net)
                  1.83    0.00    3.21 ^ _398_/B (gf180mcu_fd_sc_mcu9t5v0__aoi21_2)
     1    0.04    0.61    0.26    3.47 v _398_/ZN (gf180mcu_fd_sc_mcu9t5v0__aoi21_2)
                                         _092_ (net)
                  0.61    0.00    3.47 v _408_/A1 (gf180mcu_fd_sc_mcu9t5v0__oai32_4)
     2    0.11    0.82    0.61    4.09 ^ _408_/ZN (gf180mcu_fd_sc_mcu9t5v0__oai32_4)
                                         _102_ (net)
                  0.82    0.00    4.09 ^ _490_/A2 (gf180mcu_fd_sc_mcu9t5v0__and3_2)
     2    0.03    0.16    0.29    4.37 ^ _490_/Z (gf180mcu_fd_sc_mcu9t5v0__and3_2)
                                         _167_ (net)
                  0.16    0.00    4.37 ^ _491_/A2 (gf180mcu_fd_sc_mcu9t5v0__nor2_4)
     5    0.08    0.17    0.14    4.51 v _491_/ZN (gf180mcu_fd_sc_mcu9t5v0__nor2_4)
                                         _168_ (net)
                  0.17    0.00    4.52 v _493_/S (gf180mcu_fd_sc_mcu9t5v0__mux2_4)
     1    0.09    0.20    0.39    4.90 ^ _493_/Z (gf180mcu_fd_sc_mcu9t5v0__mux2_4)
                                         _169_ (net)
                  0.20    0.00    4.90 ^ _494_/A2 (gf180mcu_fd_sc_mcu9t5v0__xnor2_4)
     1    0.09    0.19    0.45    5.35 v _494_/ZN (gf180mcu_fd_sc_mcu9t5v0__xnor2_4)
                                         net84 (net)
                  0.19    0.00    5.35 v output84/I (gf180mcu_fd_sc_mcu9t5v0__dlyb_2)
     1    0.00    0.15    0.74    6.09 v output84/Z (gf180mcu_fd_sc_mcu9t5v0__dlyb_2)
                                         sum[25] (net)
                  0.15    0.00    6.09 v sum[25] (out)
                                  6.09   data arrival time
-----------------------------------------------------------------------------
(Path is unconstrained)



==========================================================================
global route report_check_types -max_slew -max_cap -max_fanout -violators
--------------------------------------------------------------------------

==========================================================================
global route max_slew_check_slack
--------------------------------------------------------------------------
0.9725651741027832

==========================================================================
global route max_slew_check_limit
--------------------------------------------------------------------------
2.799999952316284

==========================================================================
global route max_slew_check_slack_limit
--------------------------------------------------------------------------
0.3473

==========================================================================
global route max_fanout_check_slack
--------------------------------------------------------------------------
1.0000000150474662e+30

==========================================================================
global route max_fanout_check_limit
--------------------------------------------------------------------------
1.0000000150474662e+30

==========================================================================
global route max_capacitance_check_slack
--------------------------------------------------------------------------
0.19406858086585999

==========================================================================
global route max_capacitance_check_limit
--------------------------------------------------------------------------
0.5406000018119812

==========================================================================
global route max_capacitance_check_slack_limit
--------------------------------------------------------------------------
0.3590

==========================================================================
global route max_slew_violation_count
--------------------------------------------------------------------------
max slew violation count 0

==========================================================================
global route max_fanout_violation_count
--------------------------------------------------------------------------
max fanout violation count 0

==========================================================================
global route max_cap_violation_count
--------------------------------------------------------------------------
max cap violation count 0

==========================================================================
global route setup_violation_count
--------------------------------------------------------------------------
setup violation count 0

==========================================================================
global route hold_violation_count
--------------------------------------------------------------------------
hold violation count 0

==========================================================================
global route critical path delay
--------------------------------------------------------------------------
-1

==========================================================================
global route critical path slack
--------------------------------------------------------------------------
0

==========================================================================
global route slack div critical path delay
--------------------------------------------------------------------------
0.000000

==========================================================================
global route report_power
--------------------------------------------------------------------------
Group                  Internal  Switching    Leakage      Total
                          Power      Power      Power      Power (Watts)
----------------------------------------------------------------
Sequential             0.00e+00   0.00e+00   0.00e+00   0.00e+00   0.0%
Combinational          7.17e-11   4.24e-11   9.23e-08   9.24e-08  39.3%
Clock                 -1.93e-18   0.00e+00   1.42e-07   1.42e-07  60.7%
Macro                  0.00e+00   0.00e+00   0.00e+00   0.00e+00   0.0%
Pad                    0.00e+00   0.00e+00   0.00e+00   0.00e+00   0.0%
----------------------------------------------------------------
Total                  7.17e-11   4.24e-11   2.35e-07   2.35e-07 100.0%
                           0.0%       0.0%     100.0%
